******************************************************************************
                  TI ARM Linker Unix v20.2.7                   
******************************************************************************
>> Linked Mon Mar  6 19:08:17 2023

OUTPUT FILE NAME:   <Emb2_Lab4.out>
ENTRY POINT SYMBOL: "_c_int00_noargs"  address: 00000e4d


MEMORY CONFIGURATION

         name            origin    length      used     unused   attr    fill
----------------------  --------  ---------  --------  --------  ----  --------
  FLASH                 00000000   00040000  00000eee  0003f112  R  X
  SRAM                  20000000   00008000  00000201  00007dff  RW X


SEGMENT ALLOCATION MAP

run origin  load origin   length   init length attrs members
----------  ----------- ---------- ----------- ----- -------
00000000    00000000    00000ef0   00000ef0    r-x
  00000000    00000000    0000026c   0000026c    r-- .intvecs
  0000026c    0000026c    00000c6a   00000c6a    r-x .text
  00000ed8    00000ed8    00000018   00000018    r-- .cinit
20000000    20000000    00000201   00000000    rw-
  20000000    20000000    00000200   00000000    rw- .stack
  20000200    20000200    00000001   00000000    rw- .data


SECTION ALLOCATION MAP

 output                                  attributes/
section   page    origin      length       input sections
--------  ----  ----------  ----------   ----------------
.intvecs   0    00000000    0000026c     
                  00000000    0000026c     tm4c123gh6pm_startup_ccs.obj (.intvecs)

.text      0    0000026c    00000c6a     
                  0000026c    00000808     gpio.obj (.text)
                  00000a74    000001bc     lab4_sadhanpawar.obj (.text)
                  00000c30    000000d4     nvic.obj (.text)
                  00000d04    0000009c     rtsv7M4_T_le_v4SPD16_eabi.lib : memcpy_t2.asm.obj (.text)
                  00000da0    00000068                                   : copy_decompress_lzss.c.obj (.text:decompress:lzss:__TI_decompress_lzss)
                  00000e08    00000044                                   : autoinit.c.obj (.text:__TI_auto_init_nobinit_nopinit:__TI_auto_init_nobinit_nopinit)
                  00000e4c    00000034                                   : boot_cortex_m.c.obj (.text:_c_int00_noargs:_c_int00_noargs)
                  00000e80    00000024     wait.obj (.text)
                  00000ea4    00000010     clock.obj (.text)
                  00000eb4    0000000e     rtsv7M4_T_le_v4SPD16_eabi.lib : copy_decompress_none.c.obj (.text:decompress:none:__TI_decompress_none)
                  00000ec2    0000000c     tm4c123gh6pm_startup_ccs.obj (.text)
                  00000ece    00000004     rtsv7M4_T_le_v4SPD16_eabi.lib : pre_init.c.obj (.text:_system_pre_init)
                  00000ed2    00000004                                   : exit.c.obj (.text:abort:abort)

.cinit     0    00000ed8    00000018     
                  00000ed8    00000008     (__TI_handler_table)
                  00000ee0    00000005     (.cinit..data.load) [load image, compression = lzss]
                  00000ee5    00000003     --HOLE-- [fill = 0]
                  00000ee8    00000008     (__TI_cinit_table)

.init_array 
*          0    00000000    00000000     UNINITIALIZED

.data      0    20000200    00000001     UNINITIALIZED
                  20000200    00000001     lab4_sadhanpawar.obj (.data)

.stack     0    20000000    00000200     UNINITIALIZED
                  20000000    00000004     rtsv7M4_T_le_v4SPD16_eabi.lib : boot_cortex_m.c.obj (.stack)
                  20000004    000001fc     --HOLE--

__llvm_prf_cnts 
*          0    20000000    00000000     UNINITIALIZED

MODULE SUMMARY

       Module                         code   ro data   rw data
       ------                         ----   -------   -------
    ./
       gpio.obj                       2056   0         0      
       tm4c123gh6pm_startup_ccs.obj   12     620       0      
       lab4_sadhanpawar.obj           444    0         1      
       nvic.obj                       212    0         0      
       wait.obj                       36     0         0      
       clock.obj                      16     0         0      
    +--+------------------------------+------+---------+---------+
       Total:                         2776   620       1      
                                                              
    /home/sadhan/ti/ccs1210/ccs/tools/compiler/ti-cgt-arm_20.2.7.LTS/lib/rtsv7M4_T_le_v4SPD16_eabi.lib
       memcpy_t2.asm.obj              156    0         0      
       copy_decompress_lzss.c.obj     104    0         0      
       autoinit.c.obj                 68     0         0      
       boot_cortex_m.c.obj            52     0         0      
       copy_decompress_none.c.obj     14     0         0      
       exit.c.obj                     4      0         0      
       pre_init.c.obj                 4      0         0      
    +--+------------------------------+------+---------+---------+
       Total:                         402    0         0      
                                                              
       Stack:                         0      0         512    
       Linker Generated:              0      21        0      
    +--+------------------------------+------+---------+---------+
       Grand Total:                   3178   641       513    


LINKER GENERATED COPY TABLES

__TI_cinit_table @ 00000ee8 records: 1, size/record: 8, table size: 8
	.data: load addr=00000ee0, load size=00000005 bytes, run addr=20000200, run size=00000001 bytes, compression=lzss


LINKER GENERATED HANDLER TABLE

__TI_handler_table @ 00000ed8 records: 2, size/record: 4, table size: 8
	index: 0, handler: __TI_decompress_lzss
	index: 1, handler: __TI_decompress_none


GLOBAL SYMBOLS: SORTED ALPHABETICALLY BY Name 

address   name                          
-------   ----                          
00000ed3  C$$EXIT                       
00000bd5  IntHandlerHibernate           
00000ec3  ResetISR                      
20000200  __STACK_END                   
00000200  __STACK_SIZE                  
20000200  __STACK_TOP                   
00000ee8  __TI_CINIT_Base               
00000ef0  __TI_CINIT_Limit              
00000ed8  __TI_Handler_Table_Base       
00000ee0  __TI_Handler_Table_Limit      
00000e09  __TI_auto_init_nobinit_nopinit
00000da1  __TI_decompress_lzss          
00000eb5  __TI_decompress_none          
ffffffff  __TI_pprof_out_hndl           
ffffffff  __TI_prof_data_size           
ffffffff  __TI_prof_data_start          
00000000  __TI_static_base__            
00000d05  __aeabi_memcpy                
00000d05  __aeabi_memcpy4               
00000d05  __aeabi_memcpy8               
ffffffff  __binit__                     
ffffffff  __c_args__                    
UNDEFED   __mpu_init                    
20000000  __stack                       
20000000  __start___llvm_prf_cnts       
20000000  __stop___llvm_prf_cnts        
00000e4d  _c_int00_noargs               
UNDEFED   _system_post_cinit            
00000ecf  _system_pre_init              
00000ed3  abort                         
ffffffff  binit                         
000008c1  clearPinInterrupt             
00000c69  disableNvicInterrupt          
0000089d  disablePinInterrupt           
000005d5  disablePinPulldown            
0000058d  disablePinPullup              
00000329  disablePort                   
00000c31  enableNvicInterrupt           
00000879  enablePinInterrupt            
000005b1  enablePinPulldown             
0000055f  enablePinPullup               
0000026d  enablePort                    
00000000  g_pfnVectors                  
0000092f  getPinValue                   
000009e5  getPortValue                  
00000a75  initHw                        
00000ea5  initSystemClockTo40Mhz        
00000b23  main                          
00000d05  memcpy                        
00000493  selectPinAnalogInput          
00000445  selectPinDigitalInput         
000007af  selectPinInterruptBothEdges   
0000075f  selectPinInterruptFallingEdge 
00000805  selectPinInterruptHighLevel   
0000083f  selectPinInterruptLowLevel    
0000070f  selectPinInterruptRisingEdge  
000003f7  selectPinOpenDrainOutput      
000003a9  selectPinPushPullOutput       
00000ca1  setNvicInterruptPriority      
000005fd  setPinAuxFunction             
000004e3  setPinCommitControl           
000008e5  setPinValue                   
0000096d  setPortValue                  
0000090b  togglePinValue                
00000e81  waitMicrosecond               


GLOBAL SYMBOLS: SORTED BY Symbol Address 

address   name                          
-------   ----                          
00000000  __TI_static_base__            
00000000  g_pfnVectors                  
00000200  __STACK_SIZE                  
0000026d  enablePort                    
00000329  disablePort                   
000003a9  selectPinPushPullOutput       
000003f7  selectPinOpenDrainOutput      
00000445  selectPinDigitalInput         
00000493  selectPinAnalogInput          
000004e3  setPinCommitControl           
0000055f  enablePinPullup               
0000058d  disablePinPullup              
000005b1  enablePinPulldown             
000005d5  disablePinPulldown            
000005fd  setPinAuxFunction             
0000070f  selectPinInterruptRisingEdge  
0000075f  selectPinInterruptFallingEdge 
000007af  selectPinInterruptBothEdges   
00000805  selectPinInterruptHighLevel   
0000083f  selectPinInterruptLowLevel    
00000879  enablePinInterrupt            
0000089d  disablePinInterrupt           
000008c1  clearPinInterrupt             
000008e5  setPinValue                   
0000090b  togglePinValue                
0000092f  getPinValue                   
0000096d  setPortValue                  
000009e5  getPortValue                  
00000a75  initHw                        
00000b23  main                          
00000bd5  IntHandlerHibernate           
00000c31  enableNvicInterrupt           
00000c69  disableNvicInterrupt          
00000ca1  setNvicInterruptPriority      
00000d05  __aeabi_memcpy                
00000d05  __aeabi_memcpy4               
00000d05  __aeabi_memcpy8               
00000d05  memcpy                        
00000da1  __TI_decompress_lzss          
00000e09  __TI_auto_init_nobinit_nopinit
00000e4d  _c_int00_noargs               
00000e81  waitMicrosecond               
00000ea5  initSystemClockTo40Mhz        
00000eb5  __TI_decompress_none          
00000ec3  ResetISR                      
00000ecf  _system_pre_init              
00000ed3  C$$EXIT                       
00000ed3  abort                         
00000ed8  __TI_Handler_Table_Base       
00000ee0  __TI_Handler_Table_Limit      
00000ee8  __TI_CINIT_Base               
00000ef0  __TI_CINIT_Limit              
20000000  __stack                       
20000000  __start___llvm_prf_cnts       
20000000  __stop___llvm_prf_cnts        
20000200  __STACK_END                   
20000200  __STACK_TOP                   
ffffffff  __TI_pprof_out_hndl           
ffffffff  __TI_prof_data_size           
ffffffff  __TI_prof_data_start          
ffffffff  __binit__                     
ffffffff  __c_args__                    
ffffffff  binit                         
UNDEFED   __mpu_init                    
UNDEFED   _system_post_cinit            

[65 symbols]
